[backblue.gif]
[fade.gif]
[index.html]
[www.androhub.com/xmlrpc.0.delayed]
[www.androhub.com/wp-content/uploads/2016/05/app_icon_small.png]
[www.androhub.com/feed/index.html]
[www.androhub.com/wp-includes/js/jquery/jqueryb8ff.js]
[www.androhub.com/wp-includes/js/jquery/jquery-migrate.min330a.js]
[www.androhub.com/wp-content/plugins/crayon-syntax-highlighter/js/min/crayon.min2f6a.js]
[www.androhub.com/wp-content/plugins/image-captcha/assets/image-captchae91a.js]
[www.androhub.com/wp-content/plugins/youtube-embed-plus/scripts/ytprefs.mine91a.js]
[www.androhub.com/xmlrpc0db0.php]
[www.androhub.com/wp-includes/wlwmanifest.xml]
[www.androhub.com/downloads/ic_phone.png]
[www.androhub.com/wp-json/index.html]
[androhub.com/wp-content/uploads/2016/05/andro_new.19.delayed]
[www.androhub.com/wp-content/uploads/2016/05/andro_new.png]
[www.androhub.com/wp-content/uploads/freshizer/8b95020e0fb8345be301e7aa276d0396_google_signin_banner-863-430-c.jpg]
[www.androhub.com/wp-content/uploads/freshizer/a2a8f9ad38e6f926f31bf2dd70dcf85a_app_shortcuts_banner-863-430-c.jpg]
[www.androhub.com/wp-content/uploads/freshizer/47a3867b943b58fef4424d0b47437136_youtube_player_fragment_banner-1-863-430-c.jpg]
[www.androhub.com/wp-content/uploads/freshizer/945c592f92639eb5ddd475010b1ae80d_youtube_player_banner-863-430-c.jpg]
[www.androhub.com/wp-content/uploads/freshizer/153f0779fc9e4a60dec1868b24fb8b0d_security_lock_banner-863-430-c.jpg]
[www.androhub.com/wp-content/uploads/freshizer/9f3d637aa272be79aca6aba2ff59fc81_sectioned_recycler_view_ban-863-430-c.jpg]
[www.androhub.com/wp-content/uploads/freshizer/834fb84457756a1c7318937baa74fc66_material_advance_tabs_banne-863-430-c.jpg]
[www.androhub.com/wp-content/uploads/freshizer/e4e7a5cfb392c7873b65d9856bfb9a82_swipe_dismiss_cardview_banner-863-430-c.jpg]
[www.androhub.com/wp-content/uploads/freshizer/d433d7d427125171c05d115f54a7ef40_swipe_dismiss_banner-863-430-c.jpg]
[www.androhub.com/wp-content/uploads/freshizer/a3771dd56840e450f9337f1c181b2bca_widget_banner-863-430-c.jpg]
[www.androhub.com/wp-content/plugins/jetpack/modules/photon/photonb3d9.js]
[s0.wp.com/wp-content/js/devicepx-jetpack35eb.js]
[s.gravatar.com/js/gprofiles6abb.js]
[www.androhub.com/wp-content/plugins/jetpack/modules/wpgrohoe91a.js]
[www.androhub.com/wp-content/themes/circles/js/main.js]
[www.androhub.com/wp-content/themes/circles/js/jquery.nicescroll.min.js]
[www.androhub.com/wp-content/themes/circles/js/jquery.prettyPhoto.js]
[www.androhub.com/wp-content/themes/circles/js/jquery.flexslider-min.js]
[www.androhub.com/wp-content/themes/circles/js/zozo.tabs.min.js]
[www.androhub.com/wp-content/themes/circles/js/jquery.isotope.min.js]
[www.androhub.com/wp-content/plugins/jetpack/_inc/facebook-embed.js]
[www.androhub.com/wp-content/plugins/youtube-embed-plus/scripts/fitvids.mine91a.js]
[www.androhub.com/wp-includes/js/wp-embed.mine91a.js]
[www.androhub.com/wp-content/plugins/wp-subscribe/assets/js/wp-subscribe-forme91a.js]
[stats.wp.com/e-201801.js]
[www.androhub.com/index.html]
[www.androhub.com/xmlrpc.html]
[www.androhub.com/wp-content/uploads/freshizer/633dc681fc38352a03cf6fd0571633ca_alarm_manager_banner-863-430-c.jpg]
[www.androhub.com/wp-content/uploads/freshizer/a77aa79a67d4a634132e3d22afe294d4_drag_drop_banner-863-430-c.jpg]
[www.androhub.com/wp-content/uploads/freshizer/65f4f9a571e294a65ee7650f23c9b2ea_floating_widget_banner-863-430-c.jpg]
[www.androhub.com/wp-content/uploads/freshizer/5bcc25dd68252276bc3c42ec62a99384_palette_banner-863-430-c.jpg]
[www.androhub.com/wp-content/uploads/freshizer/e41bfd3120bb2aebf2bff0c5a0c5bcb7_fingerprint_authentication_-863-430-c.jpg]
[www.androhub.com/wp-content/uploads/freshizer/2cedcbe9be0d524a70fa764bbe006984_working_with_camera_banner-863-430-c.jpg]
[www.androhub.com/wp-content/uploads/freshizer/c68bb1076118ea0ab4608c698721a735_screenshot_banner-863-430-c.jpg]
[www.androhub.com/wp-content/uploads/freshizer/371891d27bba4ad26c02439db1c3fe9a_filterable_list_banner-863-430-c.jpg]
[www.androhub.com/wp-content/uploads/freshizer/678bda688593a0a4a17493c1b9450d00_radiobutton_list_banner-863-430-c.jpg]
[www.androhub.com/wp-content/uploads/freshizer/5ec0e7e3d987360f252edde7d7ec4250_checkbox_list_banner-863-430-c.jpg]
[www.androhub.com/page/2/index.html]
[www.androhub.com/wp-content/plugins/crayon-syntax-highlighter/css/images/twitter.png]
[www.androhub.com/wp-content/plugins/crayon-syntax-highlighter/css/images/google.png]
[www.androhub.com/wp-content/plugins/crayon-syntax-highlighter/css/images/docs.png]
[www.androhub.com/wp-content/plugins/crayon-syntax-highlighter/css/images/github.png]
[www.androhub.com/wp-content/plugins/crayon-syntax-highlighter/css/images/wordpress-blue.png]
[www.androhub.com/wp-content/plugins/crayon-syntax-highlighter/css/images/donate.png]
[www.androhub.com/wp-content/plugins/crayon-syntax-highlighter/css/images/toolbar/buttons.png]
[www.androhub.com/wp-content/plugins/crayon-syntax-highlighter/css/images/crayon_tinymce.png]
[www.androhub.com/wp-content/plugins/crayon-syntax-highlighter/css/min/crayon.min2f6a.css]
[www.androhub.com/wp-content/plugins/crayon-syntax-highlighter/themes/classic/classic2f6a.css]
[www.androhub.com/wp-content/plugins/crayon-syntax-highlighter/fonts/monaco/monaco-webfont.eot]
[www.androhub.com/wp-content/plugins/crayon-syntax-highlighter/fonts/monaco/monaco-webfont.woff]
[www.androhub.com/wp-content/plugins/crayon-syntax-highlighter/fonts/monaco/monaco-webfont.ttf]
[www.androhub.com/wp-content/plugins/crayon-syntax-highlighter/fonts/monaco2f6a.css]
[www.androhub.com/wp-content/themes/circles/css/normalize.css]
[www.androhub.com/wp-content/themes/circles/images/prettyPhoto/default/sprite.png]
[www.androhub.com/wp-content/themes/circles/images/prettyPhoto/default/sprite_x.png]
[www.androhub.com/wp-content/themes/circles/images/prettyPhoto/default/sprite_y.png]
[www.androhub.com/wp-content/themes/circles/images/prettyPhoto/default/sprite_next.png]
[www.androhub.com/wp-content/themes/circles/images/prettyPhoto/default/sprite_prev.png]
[www.androhub.com/wp-content/themes/circles/images/prettyPhoto/default/default_thumb.png]
[www.androhub.com/wp-content/themes/circles/images/prettyPhoto/default/loader.gif]
[www.androhub.com/wp-content/themes/circles/images/prettyPhoto/dark_rounded/sprite.png]
[www.androhub.com/wp-content/themes/circles/images/prettyPhoto/dark_rounded/contentPattern.png]
[www.androhub.com/wp-content/plugins/crayon-syntax-highlighter/fonts/monaco/monaco-webfontd41d.eot]
[www.androhub.com/wp-content/themes/circles/images/prettyPhoto/dark_rounded/btnNext.png]
[www.androhub.com/wp-content/themes/circles/images/prettyPhoto/dark_rounded/btnPrevious.png]
[www.androhub.com/wp-content/themes/circles/images/prettyPhoto/dark_rounded/loader.gif]
[www.androhub.com/wp-content/themes/circles/images/prettyPhoto/dark_square/loader.gif]
[www.androhub.com/wp-content/themes/circles/images/prettyPhoto/dark_square/sprite.png]
[www.androhub.com/wp-content/themes/circles/images/prettyPhoto/dark_square/btnNext.png]
[www.androhub.com/wp-content/themes/circles/images/prettyPhoto/dark_square/btnPrevious.png]
[www.androhub.com/wp-content/themes/circles/images/prettyPhoto/facebook/sprite.png]
[www.androhub.com/wp-content/themes/circles/images/prettyPhoto/facebook/contentPatternTop.png]
[www.androhub.com/wp-content/themes/circles/images/prettyPhoto/facebook/contentPatternLeft.png]
[www.androhub.com/wp-content/themes/circles/images/prettyPhoto/facebook/contentPatternRight.png]
[www.androhub.com/wp-content/themes/circles/images/prettyPhoto/facebook/loader.gif]
[www.androhub.com/wp-content/themes/circles/images/prettyPhoto/facebook/btnNext.png]
[www.androhub.com/wp-content/themes/circles/images/prettyPhoto/facebook/btnPrevious.png]
[www.androhub.com/wp-content/themes/circles/images/prettyPhoto/facebook/contentPatternBottom.png]
[www.androhub.com/wp-content/themes/circles/images/prettyPhoto/facebook/default_thumbnail.gif]
[www.androhub.com/wp-content/themes/circles/css/prettyPhoto.css]
[www.androhub.com/wp-content/themes/circles/css/grid-system.css]
[www.androhub.com/wp-content/themes/circles/img/menu-bg.png]
[www.androhub.com/wp-content/themes/circles/css/PIE.html]
[www.androhub.com/wp-content/themes/circles/img/list-type1.png]
[www.androhub.com/wp-content/themes/circles/img/list-type2.png]
[www.androhub.com/wp-content/themes/circles/img/sprite.png]
[www.androhub.com/wp-content/themes/circles/img/menu-btn.png]
[www.androhub.com/wp-content/themes/circles/img/magnifier.png]
[www.androhub.com/wp-content/themes/circles/img/magnifier-white.png]
[www.androhub.com/wp-content/themes/circles/images/image1.jpg]
[www.androhub.com/wp-content/themes/circles/images/image2.jpg]
[www.androhub.com/wp-content/themes/circles/images/image3.jpg]
[www.androhub.com/wp-content/themes/circles/images/image4.jpg]
[www.androhub.com/wp-content/themes/circles/images/image5.jpg]
[www.androhub.com/wp-content/themes/circles/img/header7-menu.png]
[www.androhub.com/wp-content/themes/circles/images/placeholder.jpg]
[www.androhub.com/wp-content/themes/circles/img/comments.png]
[www.androhub.com/wp-content/themes/circles/img/author.png]
[www.androhub.com/wp-content/themes/circles/img/date.png]
[www.androhub.com/wp-content/themes/circles/img/category.png]
[www.androhub.com/wp-content/themes/circles/img/read-more.png]
[www.androhub.com/wp-content/themes/circles/img/marble-normal.gif]
[www.androhub.com/wp-content/themes/circles/img/prev.png]
[www.androhub.com/wp-content/themes/circles/img/next.png]
[www.androhub.com/wp-content/themes/circles/img/quotes.png]
[www.androhub.com/wp-content/themes/circles/img/testimonial-helper.png]
[www.androhub.com/wp-content/themes/circles/img/bg-black-045.png]
[www.androhub.com/wp-content/themes/circles/img/search.png]
[www.androhub.com/wp-content/themes/circles/img/gallery.png]
[www.androhub.com/wp-content/themes/circles/img/socials.png]
[www.androhub.com/wp-content/themes/circles/img/back_to_top.png]
[www.androhub.com/wp-content/themes/circles/css/main.css]
[www.androhub.com/wp-content/themes/circles/img/grid.png]
[www.androhub.com/wp-content/themes/circles/img/skillbar2.png]
[www.androhub.com/wp-content/themes/circles/img/marble-normal.png]
[www.androhub.com/wp-content/themes/circles/img/marble-semi-light.png]
[www.androhub.com/wp-content/themes/circles/images/allowed.png]
[www.androhub.com/wp-content/themes/circles/images/denied.png]
[www.androhub.com/wp-content/themes/circles/img/dots.png]
[www.androhub.com/wp-content/themes/circles/img/discount.png]
[www.androhub.com/wp-content/themes/circles/img/special-text-pattern.png]
[www.androhub.com/wp-content/themes/circles/img/overlay.png]
[www.androhub.com/wp-content/themes/circles/img/quote2.png]
[www.androhub.com/wp-content/themes/circles/img/quote3.png]
[www.androhub.com/wp-content/themes/circles/img/link.png]
[www.androhub.com/wp-content/themes/circles/css/shortcodes.css]
[www.androhub.com/wp-content/themes/circles/font/fontawesome-webfontf77b.eot]
[www.androhub.com/wp-content/themes/circles/font/fontawesome-webfontd41d.eot]
[www.androhub.com/wp-content/themes/circles/font/fontawesome-webfontf77b.woff]
[www.androhub.com/wp-content/themes/circles/font/fontawesome-webfontf77b.ttf]
[www.androhub.com/wp-content/themes/circles/css/font-awesome.css]
[www.androhub.com/wp-content/themes/circles/font/icomoon.eot]
[www.androhub.com/wp-content/themes/circles/font/icomoon.woff]
[www.androhub.com/wp-content/themes/circles/font/icomoond41d.eot]
[www.androhub.com/wp-content/themes/circles/font/icomoon.ttf]
[www.androhub.com/wp-content/themes/circles/css/icomoon.css]
[www.androhub.com/wp-content/themes/circles/img/sprite@2x.png]
[www.androhub.com/wp-content/themes/circles/img/socials@2x.png]
[www.androhub.com/wp-content/themes/circles/css/mediaf45f.css]
[www.androhub.com/wp-content/themes/circles/stylee91a.css]
[www.androhub.com/wp-content/plugins/tablepress/css/tablepress.eot]
[www.androhub.com/wp-content/plugins/tablepress/css/tablepressd41d.eot]
[www.androhub.com/wp-content/plugins/tablepress/css/default.min97e1.css]
[www.androhub.com/wp-content/plugins/youtube-embed-plus/styles/ytprefs.mine91a.css]
[www.androhub.com/wp-content/plugins/jetpack/modules/carousel/images/arrows.png]
[www.androhub.com/wp-content/plugins/jetpack/modules/carousel/images/arrows-2x.png]
[www.androhub.com/wp-content/plugins/jetpack/modules/carousel/images/carousel-spritee4da.png]
[www.androhub.com/wp-content/plugins/jetpack/modules/carousel/images/carousel-sprite-2xe4da.png]
[www.androhub.com/wp-content/plugins/jetpack/modules/shortcodes/img/slideshow-controls.png]
[www.androhub.com/wp-content/plugins/jetpack/modules/shortcodes/img/slideshow-controls-2x.png]
[www.androhub.com/wp-content/plugins/jetpack/modules/shortcodes/images/slide-nav.png]
[www.androhub.com/wp-content/plugins/jetpack/modules/shortcodes/images/expand.png]
[www.androhub.com/wp-content/plugins/jetpack/modules/shortcodes/images/collapse.png]
[secure.gravatar.com/images/grav-share-sprite.png]
[www.androhub.com/wp-content/plugins/jetpack/css/jetpackc1f9.css]
[www.androhub.com/xmlrpc0db0.html]
[www.androhub.com/wp-content/uploads/2017/12/google_signin_banner.jpg]
[i1.wp.com/www.androhub.com/wp-content/uploads/2017/12/google_signin_banner6da9.jpg]
[www.androhub.com/authenticate-using-google-sign-in-on-android/feed/index.html]
[www.androhub.com/wp-content/plugins/jetpack/modules/related-posts/related-posts7f79.js]
[www.androhub.com/wp-json/oembed/1.0/embed3fd4.json]
[www.androhub.com/wp-json/oembed/1.0/embed6302]
[i1.wp.com/www.androhub.com/wp-content/uploads/2017/12/account_selection_dialog50fa.jpg]
[i0.wp.com/www.androhub.com/wp-content/uploads/2017/12/account_information50fa.jpg]
[i2.wp.com/androhub.com/wp-includes/images/smilies/icon_smile5957.gif]
[www.androhub.com/wp-content/plugins/image-captcha/images/06-85.png]
[www.androhub.com/wp-content/plugins/image-captcha/assets/refresh.png]
[www.androhub.com/wp-content/plugins/jetpack/modules/sharedaddy/images/loading.gif]
[www.androhub.com/wp-content/themes/circles/js/jquery.iosslider.min.js]
[www.androhub.com/wp-includes/js/comment-reply.mine91a.js]
[www.androhub.com/wp-content/plugins/akismet/_inc/form05da.js]
[www.androhub.com/wp-content/plugins/jetpack/modules/sharedaddy/sharingc1f9.js]
[www.androhub.com/authenticate-using-google-sign-in-on-android/index.html]
[www.androhub.com/author/droid/index.html]
[www.androhub.com/category/android-advanced/index.html]
[www.androhub.com/author/droid/feed/index.html]
[www.androhub.com/wp-content/uploads/2017/12/app_shortcuts_banner.jpg]
[i1.wp.com/www.androhub.com/wp-content/uploads/2017/12/app_shortcuts_banner6da9.jpg]
[www.androhub.com/wp-json/oembed/1.0/embed849d.json]
[www.androhub.com/wp-json/oembed/1.0/embedc02d]
[www.androhub.com/category/android-advanced/feed/index.html]
[i2.wp.com/www.androhub.com/wp-content/uploads/2017/12/google_map_app_shortcut50fa.jpg]
[www.androhub.com/implementing-android-app-shortcuts/feed/index.html]
[i0.wp.com/www.androhub.com/wp-content/uploads/2017/12/android_resource_directory4080.jpg]
[i1.wp.com/www.androhub.com/wp-content/uploads/2017/12/select_xml4080.jpg]
[i0.wp.com/www.androhub.com/wp-content/uploads/2017/12/static_shortcut50fa.jpg]
[i2.wp.com/www.androhub.com/wp-content/uploads/2017/12/app_shortcuts50fa.jpg]
[i1.wp.com/www.androhub.com/wp-content/uploads/2017/12/updated_shortcut50fa.jpg]
[i0.wp.com/www.androhub.com/wp-content/uploads/2017/12/disabled_shortcutd5ed.jpg]
[i1.wp.com/www.androhub.com/wp-content/uploads/2017/12/click_event_on_disabled_shortcutd5ed.jpg]
[i1.wp.com/www.androhub.com/wp-content/uploads/2017/12/disabled_dyanmic_shortcutd5ed.jpg]
[i1.wp.com/www.androhub.com/wp-content/uploads/2017/12/drag_drop_shortcutd5ed.jpg]
[i2.wp.com/www.androhub.com/wp-content/uploads/2017/12/pinned_shortcut_dialog50fa.jpg]
[i1.wp.com/www.androhub.com/wp-content/uploads/2017/12/pinned_shortcut50fa.jpg]
[www.androhub.com/wp-content/plugins/image-captcha/images/06-27.png]
[www.androhub.com/implementing-android-app-shortcuts/index.html]
[www.androhub.com/category/android-app-shortcuts/index.html]
[www.androhub.com/wp-content/uploads/2017/11/youtube_player_fragment_banner-1.jpg]
[i2.wp.com/www.androhub.com/wp-content/uploads/2017/11/youtube_player_fragment_banner-16da9.jpg]
[www.androhub.com/category/android-app-shortcuts/feed/index.html]
[www.androhub.com/wp-json/oembed/1.0/embede998.json]
[www.androhub.com/implement-youtube-player-fragment-android-app/feed/index.html]
[www.androhub.com/wp-json/oembed/1.0/embed0e5f]
[i1.wp.com/www.androhub.com/wp-content/uploads/2017/11/youtube_player_fragment_app_screen-150fa.jpg]
[www.androhub.com/wp-content/plugins/image-captcha/images/06-28.png]
[www.androhub.com/implement-youtube-player-fragment-android-app/index.html]
[www.androhub.com/wp-content/uploads/2017/11/youtube_player_banner.jpg]
[i2.wp.com/www.androhub.com/wp-content/uploads/2017/11/youtube_player_banner6da9.jpg]
[www.androhub.com/wp-json/oembed/1.0/embed0617.json]
[www.androhub.com/wp-json/oembed/1.0/embed5804]
[i2.wp.com/www.androhub.com/wp-content/uploads/2017/11/create_new_project_button_c1942.jpg]
[www.androhub.com/how-to-show-youtube-video-thumbnail-play-youtube-video-in-android-app/feed/index.html]
[i0.wp.com/www.androhub.com/wp-content/uploads/2017/11/project_name_entered8b00.jpg]
[i0.wp.com/www.androhub.com/wp-content/uploads/2017/11/project_dashbord6a6a.jpg]
[i1.wp.com/www.androhub.com/wp-content/uploads/2017/11/enable_api_top12a4.jpg]
[i2.wp.com/www.androhub.com/wp-content/uploads/2017/11/list_of_google_apis40a5.jpg]
[i0.wp.com/www.androhub.com/wp-content/uploads/2017/11/enable_youtube_data_api8d61.jpg]
[i1.wp.com/www.androhub.com/wp-content/uploads/2017/11/api_enables_successfully45ab.jpg]
[i0.wp.com/www.androhub.com/wp-content/uploads/2017/11/create_credentialse1b6.jpg]
[i0.wp.com/www.androhub.com/wp-content/uploads/2017/11/select_api_key4e10.jpg]
[i0.wp.com/www.androhub.com/wp-content/uploads/2017/11/api_key_popupb6a2.jpg]
[i0.wp.com/www.androhub.com/wp-content/uploads/2017/11/add_sha1_keyabd7.jpg]
[i1.wp.com/www.androhub.com/wp-content/uploads/2017/11/edit_api_keyd472.jpg]
[i0.wp.com/www.androhub.com/wp-content/uploads/2017/11/youtube_link_video_id8d12.jpg]
[i0.wp.com/www.androhub.com/wp-content/uploads/2017/11/list_of_videos50fa.jpg]
[i1.wp.com/www.androhub.com/wp-content/uploads/2017/11/default_player_style50fa.jpg]
[i0.wp.com/www.androhub.com/wp-content/uploads/2017/11/minimal_player_style50fa.jpg]
[i0.wp.com/www.androhub.com/wp-content/uploads/2017/11/chromeless_player_style50fa.jpg]
[i0.wp.com/www.androhub.com/wp-content/uploads/2017/11/full_screen_video202e.jpg]
[www.androhub.com/wp-content/plugins/image-captcha/images/06-03.png]
[www.androhub.com/how-to-show-youtube-video-thumbnail-play-youtube-video-in-android-app/index.html]
[www.androhub.com/wp-content/uploads/2017/09/security_lock_banner.jpg]
[i2.wp.com/www.androhub.com/wp-content/uploads/2017/09/security_lock_banner6da9.jpg]
[www.androhub.com/wp-json/oembed/1.0/embed6b49.json]
[www.androhub.com/wp-json/oembed/1.0/embedbfcd]
[i1.wp.com/www.androhub.com/wp-content/uploads/2017/09/unlock_via_pattern50fa.jpg]
[www.androhub.com/android-confirm-credential-security-lock/feed/index.html]
[i1.wp.com/www.androhub.com/wp-content/uploads/2017/09/unlock_via_pin.fa50fa.delayed]
[i2.wp.com/www.androhub.com/wp-content/uploads/2017/09/unlock_success50fa.jpg]
[www.androhub.com/wp-content/plugins/image-captcha/images/06-06.png]
[www.androhub.com/android-confirm-credential-security-lock/index.html]
[www.androhub.com/category/android-authentication/index.html]
[www.androhub.com/wp-content/uploads/2017/07/sectioned_recycler_view_ban.jpg]
[i1.wp.com/www.androhub.com/wp-content/uploads/2017/07/sectioned_recycler_view_ban6da9.jpg]
[www.androhub.com/category/android-authentication/feed/index.html]
[www.androhub.com/wp-json/oembed/1.0/embedd399.json]
[www.androhub.com/sectioned-recyclerview-android/feed/index.html]
[www.androhub.com/wp-json/oembed/1.0/embedba57]
[i0.wp.com/www.androhub.com/wp-content/uploads/2017/07/vertical_sectioned_recyclerview50fa.jpg]
[i2.wp.com/www.androhub.com/wp-content/uploads/2017/07/horizontal_sectioned_recyclerview50fa.jpg]
[i1.wp.com/www.androhub.com/wp-content/uploads/2017/07/grid_sectioned_recyclerview50fa.jpg]
[www.androhub.com/sectioned-recyclerview-android/index.html]
[www.androhub.com/wp-content/uploads/freshizer/37278669d2917e019482ca14a4da76c8_activity_transitions_banner-863-430-c.jpg]
[www.androhub.com/wp-content/uploads/freshizer/b5bcd11819d98fe31054ae6e8a35606f_recycler_animation_banner-863-430-c.jpg]
[www.androhub.com/wp-content/uploads/freshizer/2ccb9ed0d6f170536e5559db20518d3a_header_footer_banner-863-430-c.jpg]
[www.androhub.com/wp-content/uploads/freshizer/b72f2d93c9077850c3a9b2f45f799eec_action_mode_banner-863-430-c.jpg]
[www.androhub.com/wp-content/uploads/freshizer/00f30a5434fa7e1223ee2fc4e1e664fe_toolbaranimation_banner-863-430-c.jpg]
[www.androhub.com/wp-content/uploads/freshizer/cb7831cd82f9f4799c3b0d753c38bc77_staggeredrecyclerview_banner-863-430-c.jpg]
[www.androhub.com/category/android-recyclerview/index.html]
[www.androhub.com/wp-content/uploads/freshizer/15c7f7ac4a5a8b2e938d39ebc168d2a8_startactivityforresult_banner-863-430-c.jpg]
[www.androhub.com/category/android-recyclerview/feed/index.html]
[www.androhub.com/wp-content/uploads/freshizer/7b6b0a611b8f61f4a22603071d230d22_imagetextsharing_banner-863-430-c.jpg]
[www.androhub.com/wp-content/uploads/freshizer/156bf97f9a24b320c6007d3f9d111c50_text_to_speech_banner-863-430-c.jpg]
[www.androhub.com/wp-content/uploads/freshizer/d5c9f4f58291d718b9ab0648065a4a67_galleryimagepicker_banner-863-430-c.jpg]
[www.androhub.com/wp-content/uploads/freshizer/49c117a4a46ec6f73af5377a1a2e0ee7_speech_to_text_banner-863-430-c.jpg]
[www.androhub.com/category/intent/index.html]
[www.androhub.com/category/intent/feed/index.html]
[www.androhub.com/wp-content/uploads/2017/06/material_advance_tabs_banne.jpg]
[i2.wp.com/www.androhub.com/wp-content/uploads/2017/06/material_advance_tabs_banne6da9.jpg]
[www.androhub.com/wp-json/oembed/1.0/embedbab2.json]
[www.androhub.com/android-material-design-working-tabs-advanced/feed/index.html]
[www.androhub.com/wp-json/oembed/1.0/embed8f7e]
[i1.wp.com/www.androhub.com/wp-content/uploads/2017/06/default_tab50fa.jpg]
[i2.wp.com/www.androhub.com/wp-content/uploads/2017/06/tab_with_icon_and_text50fa.jpg]
[i0.wp.com/www.androhub.com/wp-content/uploads/2017/06/tab_with_icons_only50fa.jpg]
[i0.wp.com/www.androhub.com/wp-content/uploads/2017/06/custom_tab50fa.jpg]
[www.androhub.com/wp-content/plugins/image-captcha/images/06-50.png]
[www.androhub.com/android-material-design-working-tabs-advanced/index.html]
[www.androhub.com/wp-content/uploads/freshizer/205c55f5dfae30002bdda6bffa29caa3_bottom_navigation_view_banner-863-430-c.jpg]
[www.androhub.com/wp-content/uploads/freshizer/f227d49a7f26002653b48ab86b6f1334_bottom_sheet_banner-863-430-c.jpg]
[www.androhub.com/wp-content/uploads/freshizer/4be5085c0ffb2f9c2cba863bf8a23a8d_navigation_view_banner-863-430-c.jpg]
[www.androhub.com/wp-content/uploads/freshizer/7ca97eb8849d6c83415dacc6766e6ca7_snackbar_banner-863-430-c.jpg]
[www.androhub.com/wp-content/uploads/freshizer/7f8fb01581c645912549812034a86368_floatinglabels_banner3-863-430-c.jpg]
[www.androhub.com/category/android-material-design/index.html]
[www.androhub.com/category/android-material-design/feed/index.html]
[www.androhub.com/wp-content/uploads/freshizer/6b8bf376b507eaaf97a73faa84a1dff5_materialtabs_bannner-863-430-c.jpg]
[www.androhub.com/category/android-tabs/index.html]
[www.androhub.com/wp-content/uploads/freshizer/9c828768567e8a2968c74f19a4ef4e45_endlessscrolling_banner-863-430-c.jpg]
[www.androhub.com/category/android-tabs/feed/index.html]
[www.androhub.com/wp-content/uploads/freshizer/2a3bf3295375f65e82cd14b365bc4084_imagesslider_banner-863-430-c.jpg]
[www.androhub.com/wp-content/uploads/freshizer/c0550e45ad831493d6afb77964fe967d_swiperefreshlayout_banner-863-430-c.jpg]
[www.androhub.com/category/android-viewpager/feed/index.html]
[www.androhub.com/wp-content/uploads/freshizer/57fe1e6fc069614258038c53ba37b884_recyclerview_banner-863-430-c.jpg]
[www.androhub.com/category/android-viewpager/index.html]
[www.androhub.com/wp-content/uploads/2017/05/swipe_dismiss_cardview_banner.jpg]
[i0.wp.com/www.androhub.com/wp-content/uploads/2017/05/swipe_dismiss_cardview_banner6da9.jpg]
[www.androhub.com/wp-json/oembed/1.0/embeda63b.json]
[www.androhub.com/swipe-dismiss-cardview-with-coordinator-layout/feed/index.html]
[www.androhub.com/wp-json/oembed/1.0/embeda25f]
[www.androhub.com/wp-content/plugins/image-captcha/images/06-43.png]
[www.androhub.com/swipe-dismiss-cardview-with-coordinator-layout/index.html]
[www.androhub.com/category/android-cardview/index.html]
[www.androhub.com/wp-content/uploads/2017/05/swipe_dismiss_banner.jpg]
[i1.wp.com/www.androhub.com/wp-content/uploads/2017/05/swipe_dismiss_banner6da9.jpg]
[www.androhub.com/category/android-cardview/feed/index.html]
[www.androhub.com/wp-json/oembed/1.0/embeda084.json]
[www.androhub.com/wp-json/oembed/1.0/embedb163]
[www.androhub.com/swipe-dismiss-recyclerview/feed/index.html]
[i1.wp.com/www.androhub.com/wp-content/uploads/2017/05/left_swipe_dimiss50fa.jpg]
[i0.wp.com/www.androhub.com/wp-content/uploads/2017/05/right_swipe_dismiss50fa.jpg]
[www.androhub.com/wp-content/plugins/image-captcha/images/06-89.png]
[www.androhub.com/swipe-dismiss-recyclerview/index.html]
[www.androhub.com/wp-content/uploads/2017/04/widget_banner.jpg]
[i0.wp.com/www.androhub.com/wp-content/uploads/2017/04/widget_banner6da9.jpg]
[www.androhub.com/wp-json/oembed/1.0/embedfe3e.json]
[www.androhub.com/wp-json/oembed/1.0/embedb37e]
[www.androhub.com/android-home-screen-widgets/feed/index.html]
[i1.wp.com/www.androhub.com/wp-content/uploads/2017/04/default_widget50fa.jpg]
[i1.wp.com/www.androhub.com/wp-content/uploads/2017/04/resize_widget50fa.jpg]
[i1.wp.com/www.androhub.com/wp-content/uploads/2017/04/find_widget50fa.jpg]
[www.androhub.com/wp-content/plugins/image-captcha/images/06-26.png]
[www.androhub.com/wp-content/plugins/tablepress/js/jquery.datatables.min97e1.js]
[www.androhub.com/android-home-screen-widgets/index.html]
[www.androhub.com/wp-content/uploads/freshizer/339e37448d32a2407b93a64bcd6608a7_marshmallow_banner-863-430-c.jpg]
[www.androhub.com/category/android-basics/index.html]
[www.androhub.com/wp-content/uploads/2015/06/expandable_listview_banner.jpg]
[i1.wp.com/www.androhub.com/wp-content/uploads/2015/06/expandable_listview_banner6da9.jpg]
[www.androhub.com/category/android-basics/feed/index.html]
[www.androhub.com/wp-json/oembed/1.0/embed0199.json]
[www.androhub.com/wp-json/oembed/1.0/embed40c5]
[www.androhub.com/wp-content/uploads/freshizer/49189bc278c7423ec56e4c056a3b5087_expandable_listview_banner-863-430-c.jpg]
[www.androhub.com/wp-content/plugins/image-captcha/images/06-18.png]
[www.androhub.com/android-expandablelistview/index.html]
[www.androhub.com/android-expandablelistview/feed/index.html]
[www.androhub.com/wp-content/uploads/2015/10/downloadfiles_banner.jpg]
[i1.wp.com/www.androhub.com/wp-content/uploads/2015/10/downloadfiles_banner6da9.jpg]
[www.androhub.com/wp-json/oembed/1.0/embed46bb.json]
[www.androhub.com/wp-json/oembed/1.0/embedc2d0]
[www.androhub.com/wp-content/uploads/freshizer/87e6c50a12c75ce8b54c1822ec836f20_downloadfiles_banner-863-430-c.jpg]
[www.androhub.com/android-download-files-save/index.html]
[www.androhub.com/wp-content/uploads/2015/09/loginregister_banner.jpg]
[i0.wp.com/www.androhub.com/wp-content/uploads/2015/09/loginregister_banner6da9.jpg]
[www.androhub.com/wp-json/oembed/1.0/embed810c.json]
[www.androhub.com/wp-json/oembed/1.0/embed3b86]
[www.androhub.com/wp-content/uploads/freshizer/295ea923f1122593c1c9b0a56f46cc64_loginregister_banner-863-430-c.jpg]
[www.androhub.com/login-signup-and-forgot-password-screen-design-android/index.html]
[www.androhub.com/2017/12/index.html]
[www.androhub.com/android-download-files-save/feed/index.html]
[www.androhub.com/2017/11/index.html]
[www.androhub.com/2017/10/index.html]
[www.androhub.com/2017/07/index.html]
[www.androhub.com/2017/06/index.html]
[www.androhub.com/2017/05/index.html]
[www.androhub.com/2017/04/index.html]
[www.androhub.com/2017/03/index.html]
[www.androhub.com/2017/02/index.html]
[www.androhub.com/2017/01/index.html]
[www.androhub.com/wp-content/uploads/freshizer/62e4f6e97462465cdd231382f0b6d7f0_google_map_intro_banner-863-430-c.jpg]
[www.androhub.com/wp-content/uploads/freshizer/5ba0c1b0fe1b9e9057ac5a6f7b85701c_location_dialog_banner-863-430-c.jpg]
[www.androhub.com/2016/08/index.html]
[www.androhub.com/2016/07/index.html]
[www.androhub.com/wp-content/uploads/freshizer/3532b1f3bf7865feedbff100c46306c3_battery_details_banner-863-430-c.jpg]
[www.androhub.com/2016/06/index.html]
[www.androhub.com/login-signup-and-forgot-password-screen-design-android/feed/index.html]
[www.androhub.com/2016/04/index.html]
[www.androhub.com/wp-content/uploads/freshizer/9796f53aa1124075f8d2748c4712402a_clipboard_banner-863-430-c.jpg]
[www.androhub.com/2016/03/index.html]
[www.androhub.com/wp-content/uploads/freshizer/40e06ca13fba9cb5843d5e4be82fb92a_countdowntimer_banner-863-430-c.jpg]
[www.androhub.com/wp-content/uploads/freshizer/a6239c32600eb30f906645b7a46e32e8_multilingual_banner-863-430-c.jpg]
[www.androhub.com/wp-content/uploads/freshizer/c5d74e30bc3f1372c7afffceffb26d9d_email_accounts_banner-863-430-c.jpg]
[www.androhub.com/2015/12/index.html]
[www.androhub.com/wp-content/uploads/freshizer/6c051e0f3f9ce35899927d76fdb4f29f_multipleimager_banner1-863-430-c.jpg]
[www.androhub.com/2015/11/index.html]
[www.androhub.com/wp-content/uploads/freshizer/f43b54981760391d21b3b81d2e6d32d0_writetetxtfiles_banner-863-430-c.jpg]
[www.androhub.com/wp-content/uploads/freshizer/aac181f6ab355df25e8f2f66e1ffd16a_advancewebview_banner-863-430-c.jpg]
[www.androhub.com/wp-content/uploads/freshizer/69a73f6ed5870aea0f35e96cab102c08_dynamiclayouts_banner-863-430-c.jpg]
[www.androhub.com/wp-content/uploads/freshizer/7f5bdcf375430262c2b77db134c031e0_passdatatofragment_banner-863-430-c.jpg]
[www.androhub.com/wp-content/uploads/freshizer/5203ffd322710dd7bcf2969f95b75810_customfont_banner-863-430-c.jpg]
[www.androhub.com/2015/10/index.html]
[www.androhub.com/2015/09/index.html]
[www.androhub.com/wp-content/uploads/freshizer/e9eedc6f6a756e1b6aa4063b681d8ab3_swipe_gesture_banner-863-430-c.jpg]
[www.androhub.com/2015/08/index.html]
[www.androhub.com/wp-content/uploads/freshizer/164311601459f42de5e462cb2a5251fa_webview_banner-863-430-c.jpg]
[www.androhub.com/wp-content/uploads/freshizer/8141350b56f576ee73742c33c7ea73b9_contentprovider_banner-863-430-c.jpg]
[www.androhub.com/wp-content/uploads/freshizer/11e6db7207c819bfcadb31c7b8368ef7_phonecontacts_banner-863-430-c.jpg]
[www.androhub.com/wp-content/uploads/freshizer/dca0a41c0c0881754a925e077a629ea1_notificationbar_banner-863-430-c.jpg]
[www.androhub.com/wp-content/uploads/freshizer/f4443a37c75c93f1e50ff9db2a8e6a63_location_gps_banner-863-430-c.jpg]
[www.androhub.com/wp-content/uploads/freshizer/f72b81e76770f1d2f0428c4b7d88d82e_interent_connection_banner-863-430-c.jpg]
[www.androhub.com/wp-content/uploads/freshizer/451b379ce70219a2aace5f306da1814f_wifi_banner-863-430-c.jpg]
[www.androhub.com/wp-content/uploads/freshizer/65774d6b9a03062e79c729bcc1fae0e1_bluetooth_banner-863-430-c.jpg]
[www.androhub.com/wp-content/uploads/freshizer/668fe85114b67cf6e2a4f13c086e80df_bookmark_banner-863-430-c.jpg]
[www.androhub.com/wp-content/uploads/freshizer/1708a237f0d75e206c2ef043ad24c296_customtoast_banner-863-430-c.jpg]
[www.androhub.com/2015/07/index.html]
[www.androhub.com/wp-content/uploads/freshizer/17c1e4103fb69c15c7a86e7b793823fa_navigation_banner1-863-430-c.jpg]
[www.androhub.com/wp-content/uploads/freshizer/34d4703b3d74bdb68acf8241c24763b3_toolbar_banner-863-430-c.jpg]
[www.androhub.com/2015/06/index.html]
[www.androhub.com/wp-content/uploads/freshizer/caec7bca8f3bfa80a2249236c66cfe5e_slidingdrawer_banner-863-430-c.jpg]
[www.androhub.com/wp-content/uploads/freshizer/7be2eb0d65cc2779a95a3bcbbddbeeb3_seekbar_banner-863-430-c.jpg]
[www.androhub.com/wp-content/uploads/freshizer/c9643cab6e5a6eac731017f12bd9aa99_autocomplete_banner-863-430-c.jpg]
[www.androhub.com/wp-content/uploads/freshizer/4f946fb5988ad23c42afef83065f7d65_ratingbar_banner-863-430-c.jpg]
[www.androhub.com/wp-content/uploads/freshizer/f3091e04986456611a8e24a8e6e2bc78_progressbar_banner-863-430-c.jpg]
[www.androhub.com/wp-content/uploads/freshizer/50198b1865aab0e5f7e4d25130ee1225_analog_digital_banner-863-430-c.jpg]
[www.androhub.com/wp-content/uploads/freshizer/530702520c99c764ecd850fac51125c5_switch_toggle_banner-863-430-c.jpg]
[www.androhub.com/wp-content/uploads/freshizer/f6bc2ba2d4bc7eacc8f394a55feb1f03_spinner_banner-863-430-c.jpg]
[www.androhub.com/wp-content/uploads/freshizer/1b785f5edb39a78fb40f789202320f50_stackview_banner-863-430-c.jpg]
[www.androhub.com/2015/05/index.html]
[www.androhub.com/wp-content/uploads/freshizer/125f8d97642c6e4eb8852814119a53d6_checkbox_banner1-863-430-c.jpg]
[www.androhub.com/wp-content/uploads/freshizer/d0373a24393b52c0d272d57e59f9035a_radiobutton_banner-863-430-c.jpg]
[www.androhub.com/wp-content/uploads/freshizer/d73f6405141ea8b61eeebc1d573a1e58_alert_dialog_banner-863-430-c.jpg]
[www.androhub.com/wp-content/uploads/freshizer/f0b17d5c5ca60da5865edfdd871e097a_sqlite_banner-863-430-c.jpg]
[www.androhub.com/wp-content/uploads/freshizer/a0bc455457b50ff05c458b176a195ebc_shared_banner-863-430-c.jpg]
[www.androhub.com/wp-content/uploads/freshizer/e5596dd9fd704f572a04cfc91c8a3a3d_gridview-banner-863-430-c.jpg]
[www.androhub.com/wp-content/uploads/freshizer/e2b86ad731ab9c64e779e6b935a3fb07_android_listview-863-430-c.jpg]
[www.androhub.com/wp-content/uploads/freshizer/60afed3b20443b3b0c37a43e144fb35c_Android-Intents-863-430-c.png]
[www.androhub.com/wp-content/uploads/freshizer/d020dfaf588058c891c2fe4a89effa4f_splash_screen-863-430-c.jpg]
[www.androhub.com/wp-content/uploads/freshizer/62aaea484a35113880c2324449477b71_20090726232854-863-430-c.jpg]
[www.androhub.com/2015/04/index.html]
[www.androhub.com/wp-content/uploads/freshizer/b1b0528a3fe64874d36468e705c46351_actionbar_tabs_viewpager-863-430-c.jpg]
[www.androhub.com/wp-content/uploads/freshizer/97bf07cbebb64e9907325e91e8822773_actionbar_menus_banner-863-430-c.jpg]
[www.androhub.com/category/android-actionbar/index.html]
[www.androhub.com/wp-content/uploads/freshizer/3556b81191bc832a9803386ab91e4602_animations_banner-863-430-c.jpg]
[www.androhub.com/wp-content/uploads/freshizer/87e027770d9825591a92fb807eb10773_textswitcher_banner-863-430-c.jpg]
[www.androhub.com/wp-content/uploads/freshizer/a7ce5228d76daa6e5da61ffc94929396_viewanimator_banner-863-430-c.jpg]
[www.androhub.com/wp-content/uploads/freshizer/e93cdea89de817f3641f68b1ec6f4d17_viewflipper_banner-863-430-c.jpg]
[www.androhub.com/category/android-animations/index.html]
[www.androhub.com/category/android-autocomplete/index.html]
[www.androhub.com/category/android-bluetooth/index.html]
[www.androhub.com/category/android-clocks/index.html]
[www.androhub.com/category/android-actionbar/feed/index.html]
[www.androhub.com/category/android-contacts/index.html]
[www.androhub.com/category/android-animations/feed/index.html]
[www.androhub.com/category/android-content-provider/index.html]
[www.androhub.com/category/android-custom-font/index.html]
[www.androhub.com/category/android-custom-view/index.html]
[www.androhub.com/category/android-autocomplete/feed/index.html]
[www.androhub.com/category/android-database/index.html]
[www.androhub.com/category/android-bluetooth/feed/index.html]
[www.androhub.com/category/android-clocks/feed/index.html]
[www.androhub.com/wp-content/uploads/freshizer/baf5217b588dabcd4ca7e9399d363c09_time_date_banner-863-430-c.jpg]
[www.androhub.com/category/android-dialogs/index.html]
[www.androhub.com/category/android-contacts/feed/index.html]
[www.androhub.com/category/android-download-files/index.html]
[www.androhub.com/category/android-content-provider/feed/index.html]
[www.androhub.com/category/android-custom-font/feed/index.html]
[www.androhub.com/category/android-custom-view/feed/index.html]
[www.androhub.com/category/android-drawer/index.html]
[www.androhub.com/category/android-database/feed/index.html]
[www.androhub.com/category/android-dialogs/feed/index.html]
[www.androhub.com/category/android-expandablelistview/index.html]
[www.androhub.com/category/android-download-files/feed/index.html]
[www.androhub.com/category/android-drawer/feed/index.html]
[www.androhub.com/category/android-file/index.html]
[www.androhub.com/category/android-fingerprint/index.html]
[www.androhub.com/category/android-expandablelistview/feed/index.html]
[www.androhub.com/category/android-file/feed/index.html]
[www.androhub.com/category/android-fingerprint/feed/index.html]
[www.androhub.com/category/android-fragment/index.html]
[www.androhub.com/category/android-gestures/index.html]
[www.androhub.com/category/android-fragment/feed/index.html]
[www.androhub.com/category/android-gps/index.html]
[www.androhub.com/category/android-gestures/feed/index.html]
[www.androhub.com/category/android-image-picker/index.html]
[www.androhub.com/category/android-gps/feed/index.html]
[www.androhub.com/category/android-internet-connection/index.html]
[www.androhub.com/category/android-image-picker/feed/index.html]
[www.androhub.com/category/android-internet-connection/feed/index.html]
[www.androhub.com/wp-content/uploads/freshizer/1925ab15cab2b3057fce35cc0b02d33e_jsonmaker_banner-863-430-c.jpg]
[www.androhub.com/category/android-json/feed/index.html]
[www.androhub.com/wp-content/uploads/freshizer/bdb1c823329aae3bbfd1e063e3d70883_jsonparser_banner-863-430-c.jpg]
[www.androhub.com/category/android-json/index.html]
[www.androhub.com/category/android-listview/index.html]
[www.androhub.com/category/android-listview/feed/index.html]
[www.androhub.com/category/android-navigationdrawer/index.html]
[www.androhub.com/category/android-notification-bar/index.html]
[www.androhub.com/category/android-navigationdrawer/feed/index.html]
[www.androhub.com/category/android-notification-bar/feed/index.html]
[www.androhub.com/category/android-palette/index.html]
[www.androhub.com/category/android-palette/feed/index.html]
[www.androhub.com/category/android-progressbar/index.html]
[www.androhub.com/category/android-progressbar/feed/index.html]
[www.androhub.com/category/android-ratingbar/index.html]
[www.androhub.com/category/android-seekbar/index.html]
[www.androhub.com/category/android-ratingbar/feed/index.html]
[www.androhub.com/category/android-spinner/index.html]
[www.androhub.com/category/android-seekbar/feed/index.html]
[www.androhub.com/category/android-stackview/index.html]
[www.androhub.com/category/android-spinner/feed/index.html]
[www.androhub.com/category/android-swiperefresh-layout/index.html]
[www.androhub.com/category/android-stackview/feed/index.html]
[www.androhub.com/category/android-textswitcher/index.html]
[www.androhub.com/category/android-swiperefresh-layout/feed/index.html]
[www.androhub.com/category/android-toolbar/index.html]
[www.androhub.com/category/android-textswitcher/feed/index.html]
[www.androhub.com/category/android-ui-design/index.html]
[www.androhub.com/category/android-toolbar/feed/index.html]
[www.androhub.com/category/android-ui-design/feed/index.html]
[www.androhub.com/wp-content/uploads/freshizer/1ec9093754f1db3b03536d9d41b1fcf2_viewswitcher_banner-863-430-c.jpg]
[www.androhub.com/category/android-viewanimator/feed/index.html]
[www.androhub.com/category/android-viewanimator/index.html]
[www.androhub.com/category/android-viewswitcher/index.html]
[www.androhub.com/category/android-wifi/index.html]
[www.androhub.com/category/google-maps/index.html]
[www.androhub.com/category/http-requests/index.html]
[www.androhub.com/page/1/index.html]
[www.androhub.com/page/3/index.html]
[www.androhub.com/page/4/index.html]
[www.androhub.com/page/5/index.html]
[www.androhub.com/page/6/index.html]
[www.androhub.com/page/7/index.html]
[www.androhub.com/page/8/index.html]
[www.androhub.com/page/9/index.html]
[www.androhub.com/wp-content/plugins/wp-subscribe/assets/css/wp-subscribe-forme91a.css]
[s0.wp.com/wp-content/js/devicepx-jetpack35eb.js]
[s.gravatar.com/js/gprofiles6abb.js]
[heartcode-canvasloader.googlecode.com/files/heartcode-canvasloader-min-0.9.1.html]
[stats.wp.com/e-201801.js]
[www.androhub.com/android-alarmmanager/index.html]
[www.androhub.com/android-drag-and-drop/index.html]
[www.androhub.com/android-floating-widget-like-facebook-messenger-chat-head/index.html]
[www.androhub.com/android-working-palette/index.html]
[www.androhub.com/android-fingerprint-authentication/index.html]
[www.androhub.com/android-working-with-camera/index.html]
[www.androhub.com/take-a-screenshot-programmatically-in-android/index.html]
[www.androhub.com/android-adding-search-functionality-list/index.html]
[www.androhub.com/android-listview-radiobutton/index.html]
[www.androhub.com/android-listview-checkbox/index.html]
[www.androhub.com/wp-content/plugins/crayon-syntax-highlighter/fonts/monaco/monaco-webfont.svg]
[www.androhub.com/wp-content/themes/circles/images/prettyPhoto/light_rounded/sprite.html]
[www.androhub.com/wp-content/themes/circles/images/prettyPhoto/light_rounded/btnNext.html]
[www.androhub.com/wp-content/themes/circles/images/prettyPhoto/light_rounded/btnPrevious.html]
[www.androhub.com/wp-content/themes/circles/images/prettyPhoto/light_square/sprite.html]
[www.androhub.com/wp-content/themes/circles/images/prettyPhoto/light_square/btnNext.html]
[www.androhub.com/wp-content/themes/circles/images/prettyPhoto/light_square/btnPrevious.html]
[www.androhub.com/wp-content/themes/circles/images/prettyPhoto/light_rounded/loader.html]
[www.androhub.com/wp-content/themes/circles/css/PIE.html]
[www.androhub.com/wp-content/themes/circles/images/image6.html]
[www.androhub.com/wp-content/themes/circles/images/magnify.html]
[www.androhub.com/wp-content/themes/circles/css/grayscale.html]
[www.androhub.com/wp-content/themes/circles/css/images/toggles/toggle-closed.html]
[www.androhub.com/wp-content/themes/circles/css/images/toggles/toggle-open.html]
[www.androhub.com/wp-content/themes/circles/css/images/sprite/sprite.html]
[www.androhub.com/wp-content/themes/circles/font/fontawesome-webfont.svg]
[www.androhub.com/wp-content/themes/circles/font/icomoon.svg]
[www.androhub.com/wp-content/plugins/jetpack/_inc/social-logos/social-logos.min68b3.css]
[www.androhub.com/authenticate-using-google-sign-in-on-android/index9a7b.html]
[www.androhub.com/authenticate-using-google-sign-in-on-android/index5a58.html]
[www.androhub.com/authenticate-using-google-sign-in-on-android/index386f.html]
[www.androhub.com/authenticate-using-google-sign-in-on-android/index9f21.html]
[www.androhub.com/authenticate-using-google-sign-in-on-android/index3081.html]
[www.androhub.com/authenticate-using-google-sign-in-on-android/indexcce0.html]
[www.androhub.com/authenticate-using-google-sign-in-on-android/indexd2b8.html]
[www.androhub.com/authenticate-using-google-sign-in-on-android/index27bb.html]
[www.androhub.com/authenticate-using-google-sign-in-on-android/index266e.html]
[www.androhub.com/authenticate-using-google-sign-in-on-android/index32f4.html]
[www.androhub.com/authenticate-using-google-sign-in-on-android/index1ea5.html]
[www.androhub.com/author/droid/page/2/index.html]
[www.androhub.com/author/droid/page/1/index.html]
[www.androhub.com/author/droid/page/3/index.html]
[www.androhub.com/author/droid/page/4/index.html]
[www.androhub.com/author/droid/page/5/index.html]
[www.androhub.com/author/droid/page/6/index.html]
[www.androhub.com/author/droid/page/7/index.html]
[www.androhub.com/author/droid/page/8/index.html]
[www.androhub.com/author/droid/page/9/index.html]
[www.androhub.com/implementing-android-app-shortcuts/index9a7b.html]
[www.androhub.com/implementing-android-app-shortcuts/index5a58.html]
[www.androhub.com/implementing-android-app-shortcuts/index386f.html]
[www.androhub.com/implementing-android-app-shortcuts/index9f21.html]
[www.androhub.com/implementing-android-app-shortcuts/index3081.html]
[www.androhub.com/implementing-android-app-shortcuts/indexcce0.html]
[www.androhub.com/implementing-android-app-shortcuts/indexd2b8.html]
[www.androhub.com/implementing-android-app-shortcuts/index27bb.html]
[www.androhub.com/implementing-android-app-shortcuts/index266e.html]
[www.androhub.com/implementing-android-app-shortcuts/index32f4.html]
[www.androhub.com/implementing-android-app-shortcuts/index1ea5.html]
[www.androhub.com/android-recyclerview/index.html]
[www.androhub.com/implement-youtube-player-fragment-android-app/index9a7b.html]
[www.androhub.com/implement-youtube-player-fragment-android-app/index5a58.html]
[www.androhub.com/implement-youtube-player-fragment-android-app/index386f.html]
[www.androhub.com/implement-youtube-player-fragment-android-app/index9f21.html]
[www.androhub.com/implement-youtube-player-fragment-android-app/index3081.html]
[www.androhub.com/implement-youtube-player-fragment-android-app/indexcce0.html]
[www.androhub.com/implement-youtube-player-fragment-android-app/indexd2b8.html]
[www.androhub.com/implement-youtube-player-fragment-android-app/index27bb.html]
[www.androhub.com/implement-youtube-player-fragment-android-app/index266e.html]
[www.androhub.com/implement-youtube-player-fragment-android-app/index32f4.html]
[www.androhub.com/implement-youtube-player-fragment-android-app/index1ea5.html]
[www.androhub.com/introduction-to-android-google-maps-v2/index.html]
[www.androhub.com/how-to-show-youtube-video-thumbnail-play-youtube-video-in-android-app/index9a7b.html]
[www.androhub.com/how-to-show-youtube-video-thumbnail-play-youtube-video-in-android-app/index5a58.html]
[www.androhub.com/how-to-show-youtube-video-thumbnail-play-youtube-video-in-android-app/index386f.html]
[www.androhub.com/how-to-show-youtube-video-thumbnail-play-youtube-video-in-android-app/index9f21.html]
[www.androhub.com/how-to-show-youtube-video-thumbnail-play-youtube-video-in-android-app/index3081.html]
[www.androhub.com/how-to-show-youtube-video-thumbnail-play-youtube-video-in-android-app/indexcce0.html]
[www.androhub.com/how-to-show-youtube-video-thumbnail-play-youtube-video-in-android-app/indexd2b8.html]
[www.androhub.com/how-to-show-youtube-video-thumbnail-play-youtube-video-in-android-app/index27bb.html]
[www.androhub.com/how-to-show-youtube-video-thumbnail-play-youtube-video-in-android-app/index266e.html]
[www.androhub.com/how-to-show-youtube-video-thumbnail-play-youtube-video-in-android-app/index32f4.html]
[www.androhub.com/how-to-show-youtube-video-thumbnail-play-youtube-video-in-android-app/index1ea5.html]
[www.androhub.com/android-intents/index.html]
[www.androhub.com/android-startactivityforresult/index.html]
[www.androhub.com/android-confirm-credential-security-lock/index9a7b.html]
[www.androhub.com/android-confirm-credential-security-lock/index5a58.html]
[www.androhub.com/android-confirm-credential-security-lock/index386f.html]
[www.androhub.com/android-confirm-credential-security-lock/index9f21.html]
[www.androhub.com/android-confirm-credential-security-lock/index3081.html]
[www.androhub.com/android-confirm-credential-security-lock/indexcce0.html]
[www.androhub.com/android-confirm-credential-security-lock/indexd2b8.html]
[www.androhub.com/android-confirm-credential-security-lock/index27bb.html]
[www.androhub.com/android-confirm-credential-security-lock/index266e.html]
[www.androhub.com/android-confirm-credential-security-lock/index32f4.html]
[www.androhub.com/android-confirm-credential-security-lock/index1ea5.html]
[www.androhub.com/sectioned-recyclerview-android/index9a7b.html]
[www.androhub.com/sectioned-recyclerview-android/index5a58.html]
[www.androhub.com/sectioned-recyclerview-android/index386f.html]
[www.androhub.com/sectioned-recyclerview-android/index9f21.html]
[www.androhub.com/sectioned-recyclerview-android/index3081.html]
[www.androhub.com/sectioned-recyclerview-android/indexcce0.html]
[www.androhub.com/sectioned-recyclerview-android/indexd2b8.html]
[www.androhub.com/sectioned-recyclerview-android/index27bb.html]
[www.androhub.com/sectioned-recyclerview-android/index266e.html]
[www.androhub.com/sectioned-recyclerview-android/index32f4.html]
[www.androhub.com/sectioned-recyclerview-android/index1ea5.html]
[www.androhub.com/category/android-recyclerview/page/2/index.html]
[www.androhub.com/lollipop-activity-transitions/index.html]
[www.androhub.com/recylerview-animation/index.html]
[www.androhub.com/android-header-footer-tutorial/index.html]
[www.androhub.com/android-contextual-action-mode-over-toolbar/index.html]
[www.androhub.com/android-toolbar-animation-using-design-support-library/index.html]
[www.androhub.com/android-staggered-and-horizontal-recyclerview/index.html]
[www.androhub.com/category/android-recyclerview/page/1/index.html]
[www.androhub.com/android-share-text-and-images-using-share-intent/index.html]
[www.androhub.com/android-text-to-speech/index.html]
[www.androhub.com/android-gallery-image-picker/index.html]
[www.androhub.com/android-speech-to-text/index.html]
[www.androhub.com/android-material-design-tabs-using-tablayout/index.html]
[www.androhub.com/android-material-design-working-tabs-advanced/index9a7b.html]
[www.androhub.com/android-material-design-working-tabs-advanced/index5a58.html]
[www.androhub.com/android-material-design-working-tabs-advanced/index386f.html]
[www.androhub.com/android-material-design-working-tabs-advanced/index9f21.html]
[www.androhub.com/android-material-design-working-tabs-advanced/index3081.html]
[www.androhub.com/android-material-design-working-tabs-advanced/indexcce0.html]
[www.androhub.com/android-material-design-working-tabs-advanced/indexd2b8.html]
[www.androhub.com/android-material-design-working-tabs-advanced/index27bb.html]
[www.androhub.com/android-material-design-working-tabs-advanced/index266e.html]
[www.androhub.com/android-material-design-working-tabs-advanced/index32f4.html]
[www.androhub.com/android-material-design-working-tabs-advanced/index1ea5.html]
[www.androhub.com/android-material-design-working-tabs-advanced/indexa343.html]
[www.androhub.com/category/android-material-design/page/2/index.html]
[www.androhub.com/bottom-navigation-view-android/index.html]
[www.androhub.com/bottom-sheets-dialog-in-android/index.html]
[www.androhub.com/navigation-view-material-design-support-library-tutorial/index.html]
[www.androhub.com/android-material-design-snackbar-using-design-support-library/index.html]
[www.androhub.com/android-material-design-floating-labels-using-design-support-library/index.html]
[www.androhub.com/category/android-material-design/page/1/index.html]
[www.androhub.com/category/android-viewpager/page/2/index.html]
[www.androhub.com/load-more-items-on-scroll-android/index.html]
[www.androhub.com/android-image-slider-using-viewpager/index.html]
[www.androhub.com/android-swiperefresh-layout/index.html]
[www.androhub.com/category/android-viewpager/page/1/index.html]
[www.androhub.com/index8064.html]
[www.androhub.com/swipe-dismiss-cardview-with-coordinator-layout/index9a7b.html]
[www.androhub.com/swipe-dismiss-cardview-with-coordinator-layout/index5a58.html]
[www.androhub.com/swipe-dismiss-cardview-with-coordinator-layout/index386f.html]
[www.androhub.com/swipe-dismiss-cardview-with-coordinator-layout/index9f21.html]
[www.androhub.com/swipe-dismiss-cardview-with-coordinator-layout/index3081.html]
[www.androhub.com/swipe-dismiss-cardview-with-coordinator-layout/indexcce0.html]
[www.androhub.com/swipe-dismiss-cardview-with-coordinator-layout/indexd2b8.html]
[www.androhub.com/swipe-dismiss-cardview-with-coordinator-layout/index27bb.html]
[www.androhub.com/swipe-dismiss-cardview-with-coordinator-layout/index266e.html]
[www.androhub.com/swipe-dismiss-cardview-with-coordinator-layout/index32f4.html]
[www.androhub.com/swipe-dismiss-cardview-with-coordinator-layout/index1ea5.html]
[www.androhub.com/swipe-dismiss-cardview-with-coordinator-layout/indexb790.html]
[www.androhub.com/swipe-dismiss-recyclerview/index9a7b.html]
[www.androhub.com/swipe-dismiss-recyclerview/index5a58.html]
[www.androhub.com/swipe-dismiss-recyclerview/index386f.html]
[www.androhub.com/swipe-dismiss-recyclerview/index9f21.html]
[www.androhub.com/swipe-dismiss-recyclerview/index3081.html]
[www.androhub.com/swipe-dismiss-recyclerview/indexcce0.html]
[www.androhub.com/swipe-dismiss-recyclerview/indexd2b8.html]
[www.androhub.com/swipe-dismiss-recyclerview/index27bb.html]
[www.androhub.com/swipe-dismiss-recyclerview/index266e.html]
[www.androhub.com/swipe-dismiss-recyclerview/index32f4.html]
[www.androhub.com/swipe-dismiss-recyclerview/index1ea5.html]
[www.androhub.com/android-home-screen-widgets/index9a7b.html]
[www.androhub.com/android-home-screen-widgets/index5a58.html]
[www.androhub.com/android-home-screen-widgets/index386f.html]
[www.androhub.com/android-home-screen-widgets/index9f21.html]
[www.androhub.com/android-home-screen-widgets/index3081.html]
[www.androhub.com/android-home-screen-widgets/indexcce0.html]
[www.androhub.com/android-home-screen-widgets/indexd2b8.html]
[www.androhub.com/android-home-screen-widgets/index27bb.html]
[www.androhub.com/android-home-screen-widgets/index266e.html]
[www.androhub.com/android-home-screen-widgets/index32f4.html]
[www.androhub.com/android-home-screen-widgets/index1ea5.html]
[www.androhub.com/category/android-basics/page/2/index.html]
[www.androhub.com/working-android-marshmallow-6-0-permissions/index.html]
[www.androhub.com/category/android-basics/page/1/index.html]
[www.androhub.com/category/android-basics/page/3/index.html]
[www.androhub.com/category/android-basics/page/4/index.html]
[www.androhub.com/category/android-basics/page/5/index.html]
[www.androhub.com/category/android-basics/page/6/index.html]
[www.androhub.com/category/android-basics/page/7/index.html]
[www.androhub.com/android-expandablelistview/index9a7b.html]
[www.androhub.com/android-expandablelistview/index5a58.html]
[www.androhub.com/android-expandablelistview/index386f.html]
[www.androhub.com/android-expandablelistview/index9f21.html]
[www.androhub.com/android-expandablelistview/index3081.html]
[www.androhub.com/android-expandablelistview/indexcce0.html]
[www.androhub.com/android-expandablelistview/indexd2b8.html]
[www.androhub.com/android-expandablelistview/index27bb.html]
[www.androhub.com/android-expandablelistview/index266e.html]
[www.androhub.com/android-expandablelistview/index32f4.html]
[www.androhub.com/android-expandablelistview/index1ea5.html]
[www.androhub.com/android-expandablelistview/index94a5.html]
[www.androhub.com/android-expandablelistview/indexfc06.html]
[www.androhub.com/android-expandablelistview/index51fc.html]
[www.androhub.com/android-expandablelistview/index8477.html]
[www.androhub.com/android-expandablelistview/indexb3d4.html]
[www.androhub.com/android-expandablelistview/indexe9d8.html]
[www.androhub.com/android-expandablelistview/indexd78a.html]
[www.androhub.com/android-expandablelistview/index8245.html]
[www.androhub.com/android-expandablelistview/indexb2ad.html]
[www.androhub.com/android-expandablelistview/index6561.html]
[www.androhub.com/android-seekbar/index.html]
[www.androhub.com/android-slidingdrawer/index.html]
[www.androhub.com/android-download-files-save/index9a7b.html]
[www.androhub.com/android-download-files-save/index5a58.html]
[www.androhub.com/android-download-files-save/index386f.html]
[www.androhub.com/android-download-files-save/index9f21.html]
[www.androhub.com/android-download-files-save/index3081.html]
[www.androhub.com/android-download-files-save/indexcce0.html]
[www.androhub.com/android-download-files-save/indexd2b8.html]
[www.androhub.com/android-download-files-save/index27bb.html]
[www.androhub.com/android-download-files-save/index266e.html]
[www.androhub.com/android-download-files-save/index32f4.html]
[www.androhub.com/android-download-files-save/index1ea5.html]
[www.androhub.com/android-download-files-save/index27e8.html]
[www.androhub.com/android-download-files-save/index6c49.html]
[www.androhub.com/android-download-files-save/index5a95.html]
[www.androhub.com/android-download-files-save/indexcb78.html]
[www.androhub.com/android-download-files-save/index1eec.html]
[www.androhub.com/android-download-files-save/index003a.html]
[www.androhub.com/android_progressbar/index.html]
[www.androhub.com/android-download-files-save/index8a01.html]
[www.androhub.com/android-download-files-save/indexab5f.html]
[www.androhub.com/android-download-files-save/indexa406.html]
[www.androhub.com/android-download-files-save/index055f.html]
[www.androhub.com/android-download-files-save/index71cd.html]
[www.androhub.com/android-download-files-save/indexd77f.html]
[www.androhub.com/android-download-files-save/index7ba1.html]
[www.androhub.com/android-creating-layouts-programatically/index.html]
[www.androhub.com/android-advance-webview/index.html]
[www.androhub.com/login-signup-and-forgot-password-screen-design-android/index9a7b.html]
[www.androhub.com/login-signup-and-forgot-password-screen-design-android/index5a58.html]
[www.androhub.com/login-signup-and-forgot-password-screen-design-android/index386f.html]
[www.androhub.com/login-signup-and-forgot-password-screen-design-android/index9f21.html]
[www.androhub.com/login-signup-and-forgot-password-screen-design-android/index3081.html]
[www.androhub.com/login-signup-and-forgot-password-screen-design-android/indexcce0.html]
[www.androhub.com/login-signup-and-forgot-password-screen-design-android/indexd2b8.html]
[www.androhub.com/login-signup-and-forgot-password-screen-design-android/index27bb.html]
[www.androhub.com/login-signup-and-forgot-password-screen-design-android/index266e.html]
[www.androhub.com/login-signup-and-forgot-password-screen-design-android/index32f4.html]
[www.androhub.com/login-signup-and-forgot-password-screen-design-android/index1ea5.html]
[www.androhub.com/login-signup-and-forgot-password-screen-design-android/indexc916.html]
[www.androhub.com/login-signup-and-forgot-password-screen-design-android/indexb901.html]
[www.androhub.com/login-signup-and-forgot-password-screen-design-android/index7a35.html]
[www.androhub.com/login-signup-and-forgot-password-screen-design-android/index446c.html]
[www.androhub.com/login-signup-and-forgot-password-screen-design-android/indexb5cd.html]
[www.androhub.com/login-signup-and-forgot-password-screen-design-android/index583a.html]
[www.androhub.com/login-signup-and-forgot-password-screen-design-android/index0ec2.html]
[www.androhub.com/login-signup-and-forgot-password-screen-design-android/index4705.html]
[www.androhub.com/login-signup-and-forgot-password-screen-design-android/index7f1f.html]
[www.androhub.com/login-signup-and-forgot-password-screen-design-android/index987c.html]
[www.androhub.com/login-signup-and-forgot-password-screen-design-android/index16e2.html]
[www.androhub.com/login-signup-and-forgot-password-screen-design-android/index9f02.html]
[www.androhub.com/login-signup-and-forgot-password-screen-design-android/indexcd4a.html]
[www.androhub.com/login-signup-and-forgot-password-screen-design-android/indexb451.html]
[www.androhub.com/login-signup-and-forgot-password-screen-design-android/index1088.html]
[www.androhub.com/login-signup-and-forgot-password-screen-design-android/indexc3d7.html]
[www.androhub.com/login-signup-and-forgot-password-screen-design-android/indexf4fc.html]
[www.androhub.com/login-signup-and-forgot-password-screen-design-android/index7321.html]
[www.androhub.com/login-signup-and-forgot-password-screen-design-android/index64d8.html]
[www.androhub.com/login-signup-and-forgot-password-screen-design-android/index1ee2.html]
[www.androhub.com/login-signup-and-forgot-password-screen-design-android/indexcfb3.html]
[www.androhub.com/login-signup-and-forgot-password-screen-design-android/index6a15.html]
[www.androhub.com/login-signup-and-forgot-password-screen-design-android/index9909.html]
[www.androhub.com/login-signup-and-forgot-password-screen-design-android/indexb4e8.html]
[www.androhub.com/login-signup-and-forgot-password-screen-design-android/index5535.html]
[www.androhub.com/2017/index.html]
[www.androhub.com/2016/index.html]
[www.androhub.com/show-location-setting-dialog-using-google-api-client/index.html]
[www.androhub.com/getting-battery-details/index.html]
[www.androhub.com/android-clipboard-tutorial/index.html]
[www.androhub.com/2015/index.html]
[www.androhub.com/count-down-timer-in-android/index.html]
[www.androhub.com/android-building-multi-language-supported-app/index.html]
[www.androhub.com/get-registered-email-accounts/index.html]
[www.androhub.com/select-and-share-multiple-images/index.html]
[www.androhub.com/android-read-write-file-operations/index.html]
[www.androhub.com/android-pass-data-from-activity-to-fragment/index.html]
[www.androhub.com/android-custom-fonts-textview/index.html]
[www.androhub.com/android-swipe-gesture/index.html]
[www.androhub.com/2015/07/page/2/index.html]
[www.androhub.com/android-webview/index.html]
[www.androhub.com/android-content-provider/index.html]
[www.androhub.com/android-read-contacts-using-content-provider/index.html]
[www.androhub.com/android-notification-bar/index.html]
[www.androhub.com/android-gps-location-manager/index.html]
[www.androhub.com/android-detect-internet-connection-using-broadcast-receiver/index.html]
[www.androhub.com/android-wifi/index.html]
[www.androhub.com/android-bluetooth/index.html]
[www.androhub.com/android-history-bookmark/index.html]
[www.androhub.com/android-custom-toast/index.html]
[www.androhub.com/2015/07/page/1/index.html]
[www.androhub.com/android-navigationdrawer/index.html]
[www.androhub.com/android-toolbar/index.html]
[www.androhub.com/2015/05/page/2/index.html]
[www.androhub.com/android-autocomplete-and-multiautocomplete-textview/index.html]
[www.androhub.com/android-ratingbar/index.html]
[www.androhub.com/android-analog-and-digital-clock/index.html]
[www.androhub.com/android-switch-and-togglebutton/index.html]
[www.androhub.com/android-spinner/index.html]
[www.androhub.com/android-stackview/index.html]
[www.androhub.com/2015/05/page/1/index.html]
[www.androhub.com/2015/04/page/2/index.html]
[www.androhub.com/android-checkbox/index.html]
[www.androhub.com/android-radiobutton/index.html]
[www.androhub.com/android-alert-dialog/index.html]
[www.androhub.com/android-sqlite-database/index.html]
[www.androhub.com/android-sharedpreferences/index.html]
[www.androhub.com/android-gridview/index.html]
[www.androhub.com/android-listview/index.html]
[www.androhub.com/splash-screen/index.html]
[www.androhub.com/android-services/index.html]
[www.androhub.com/2015/04/page/1/index.html]
[www.androhub.com/android-tab-with-swipeable-views-using-viewpager/index.html]
[www.androhub.com/android-actionbar-and-option-menus/index.html]
[www.androhub.com/android-animation/index.html]
[www.androhub.com/android-textswitcher/index.html]
[www.androhub.com/android-viewanimator/index.html]
[www.androhub.com/android-viewflipper/index.html]
[www.androhub.com/android-date-and-time-picker-dialog/index.html]
[www.androhub.com/android-json-maker/index.html]
[www.androhub.com/android-json-parser/index.html]
[www.androhub.com/android-viewswitcher/index.html]
[www.androhub.com/login-signup-and-forgot-password-screen-design-android/index8e31.html]
[www.androhub.com/login-signup-and-forgot-password-screen-design-android/index5b38.html]
[www.androhub.com/login-signup-and-forgot-password-screen-design-android/index63d8.html]
[www.androhub.com/login-signup-and-forgot-password-screen-design-android/indexd4c9.html]
[www.androhub.com/login-signup-and-forgot-password-screen-design-android/index4c43.html]
[www.androhub.com/login-signup-and-forgot-password-screen-design-android/indexbfe1.html]
[www.androhub.com/login-signup-and-forgot-password-screen-design-android/indexcd0b.html]
[www.androhub.com/login-signup-and-forgot-password-screen-design-android/indexb927.html]
